2025-12-11 16:16:04,244 - INFO - Connected to MongoDB: fithub_db
2026-01-06 19:29:14,016 - INFO - Connected to MongoDB: fithub_db
2026-01-06 19:35:33,130 - INFO - MongoDB connection closed.
2026-01-06 19:35:40,111 - INFO - Connected to MongoDB: fithub_db
2026-01-06 19:35:47,826 - INFO - MongoDB connection closed.
2026-01-06 19:35:54,330 - INFO - Connected to MongoDB: fithub_db
2026-01-06 19:38:41,543 - INFO - MongoDB connection closed.
2026-01-06 19:38:48,342 - INFO - Connected to MongoDB: fithub_db
2026-01-06 19:39:38,424 - INFO - MongoDB connection closed.
2026-01-06 19:41:21,595 - INFO - Connected to MongoDB: fithub_db
2026-01-06 19:41:22,226 - INFO - MongoDB connection closed.
2026-01-06 19:41:28,783 - INFO - Connected to MongoDB: fithub_db
2026-01-06 19:41:35,449 - INFO - MongoDB connection closed.
2026-01-06 19:41:41,931 - INFO - Connected to MongoDB: fithub_db
2026-01-06 19:42:19,014 - INFO - MongoDB connection closed.
2026-01-06 19:42:25,725 - INFO - Connected to MongoDB: fithub_db
2026-01-06 19:42:57,263 - INFO - MongoDB connection closed.
2026-01-06 19:43:03,834 - INFO - Connected to MongoDB: fithub_db
2026-01-06 19:43:03,836 - INFO - MongoDB connection closed.
2026-01-06 19:43:10,577 - INFO - Connected to MongoDB: fithub_db
2026-01-06 19:43:10,579 - INFO - MongoDB connection closed.
2026-01-06 19:43:17,364 - INFO - Connected to MongoDB: fithub_db
2026-01-06 19:43:17,366 - INFO - MongoDB connection closed.
2026-01-06 19:43:24,911 - INFO - Connected to MongoDB: fithub_db
2026-01-06 19:43:24,912 - INFO - MongoDB connection closed.
2026-01-06 19:43:32,090 - INFO - Connected to MongoDB: fithub_db
2026-01-06 19:43:32,092 - INFO - MongoDB connection closed.
2026-01-06 19:43:39,181 - INFO - Connected to MongoDB: fithub_db
2026-01-06 19:43:39,184 - INFO - MongoDB connection closed.
2026-01-06 19:43:46,692 - INFO - Connected to MongoDB: fithub_db
2026-01-06 19:43:46,696 - INFO - MongoDB connection closed.
2026-01-06 19:43:55,033 - INFO - Connected to MongoDB: fithub_db
2026-01-06 19:43:55,038 - INFO - MongoDB connection closed.
2026-01-06 19:44:06,062 - INFO - Connected to MongoDB: fithub_db
2026-01-06 19:44:06,066 - INFO - MongoDB connection closed.
2026-01-06 19:48:18,270 - INFO - Connected to MongoDB: fithub_db
2026-01-06 19:52:38,523 - INFO - MongoDB connection closed.
2026-01-06 19:52:42,672 - INFO - Connected to MongoDB: fithub_db
2026-01-07 19:21:04,455 - INFO - Connected to MongoDB: fithub_db
2026-01-07 19:22:15,467 - INFO - MongoDB connection closed.
2026-01-07 19:22:17,023 - INFO - Connected to MongoDB: fithub_db
2026-01-07 19:24:13,931 - INFO - MongoDB connection closed.
2026-01-07 19:24:16,404 - INFO - Connected to MongoDB: fithub_db
2026-01-08 10:53:29,616 - INFO - Connected to MongoDB: fithub_db
2026-01-08 10:55:22,312 - INFO - MongoDB connection closed.
2026-01-08 10:55:24,800 - INFO - Connected to MongoDB: fithub_db
2026-01-08 10:59:19,664 - INFO - MongoDB connection closed.
2026-01-08 10:59:23,738 - INFO - Connected to MongoDB: fithub_db
2026-01-08 11:04:05,361 - INFO - MongoDB connection closed.
2026-01-08 11:04:15,453 - INFO - Connected to MongoDB: fithub_db
2026-01-08 11:04:34,568 - INFO - Collection 'categories' created.
2026-01-08 11:14:24,968 - INFO - MongoDB connection closed.
2026-01-08 11:14:27,278 - INFO - Connected to MongoDB: fithub_db
2026-01-08 11:31:55,075 - INFO - Collection 'facilities' created.
2026-01-08 11:37:08,784 - INFO - MongoDB connection closed.
2026-01-08 11:37:11,602 - INFO - Connected to MongoDB: fithub_db
2026-01-08 11:42:14,613 - INFO - MongoDB connection closed.
2026-01-08 11:42:18,016 - INFO - Connected to MongoDB: fithub_db
2026-01-08 12:03:38,480 - INFO - MongoDB connection closed.
2026-01-08 12:03:40,370 - INFO - Connected to MongoDB: fithub_db
2026-01-08 13:21:47,915 - INFO - MongoDB connection closed.
2026-01-08 13:21:53,257 - INFO - Connected to MongoDB: fithub_db
2026-01-08 13:21:56,869 - INFO - MongoDB connection closed.
2026-01-08 13:22:08,186 - INFO - Connected to MongoDB: fithub_db
2026-01-08 13:22:08,189 - INFO - MongoDB connection closed.
2026-01-08 13:22:09,675 - INFO - Connected to MongoDB: fithub_db
2026-01-08 13:22:16,085 - INFO - MongoDB connection closed.
2026-01-08 13:22:17,642 - INFO - Connected to MongoDB: fithub_db
2026-02-18 09:43:18,797 - INFO - Connected to MongoDB: fithub_db
2026-02-18 09:44:00,347 - INFO - MongoDB connection closed.
2026-02-18 09:44:05,301 - INFO - Connected to MongoDB: fithub_db
2026-02-18 09:49:03,633 - INFO - MongoDB connection closed.
2026-02-18 09:49:17,842 - INFO - Connected to MongoDB: fithub_db
2026-02-18 09:50:55,295 - INFO - MongoDB connection closed.
2026-02-18 09:50:59,681 - INFO - Connected to MongoDB: fithub_db
2026-02-18 09:51:50,692 - INFO - MongoDB connection closed.
2026-02-18 09:51:55,169 - INFO - Connected to MongoDB: fithub_db
2026-02-18 09:56:13,084 - INFO - Collection 'trainers' created.
2026-02-23 16:11:02,623 - INFO - Connected to MongoDB: fithub_db
2026-02-23 16:17:29,322 - INFO - MongoDB connection closed.
2026-02-23 16:17:31,062 - INFO - Connected to MongoDB: fithub_db
2026-02-24 10:04:51,146 - INFO - MongoDB connection closed.
2026-02-24 10:04:53,975 - INFO - Connected to MongoDB: fithub_db
2026-02-24 10:05:28,412 - INFO - MongoDB connection closed.
2026-02-24 10:08:16,007 - INFO - Connected to MongoDB: fithub_db
2026-02-24 10:18:00,969 - INFO - MongoDB connection closed.
2026-02-24 10:34:48,296 - INFO - Connected to MongoDB: fithub_db
2026-02-24 12:58:13,841 - INFO - MongoDB connection closed.
2026-02-24 12:58:25,987 - INFO - Connected to MongoDB: fithub_db
2026-02-24 13:13:24,794 - INFO - MongoDB connection closed.
2026-02-24 13:13:27,183 - INFO - Connected to MongoDB: fithub_db
2026-02-24 14:20:30,147 - INFO - MongoDB connection closed.
2026-02-24 14:20:32,239 - INFO - Connected to MongoDB: fithub_db
2026-02-24 14:20:43,233 - INFO - MongoDB connection closed.
2026-02-24 14:20:44,890 - INFO - Connected to MongoDB: fithub_db
2026-02-24 14:20:48,907 - INFO - MongoDB connection closed.
2026-02-24 14:20:50,474 - INFO - Connected to MongoDB: fithub_db
2026-02-24 14:23:27,839 - INFO - MongoDB connection closed.
2026-02-24 14:23:29,582 - INFO - Connected to MongoDB: fithub_db
2026-02-24 14:31:13,295 - INFO - MongoDB connection closed.
2026-02-24 14:31:15,289 - INFO - Connected to MongoDB: fithub_db
2026-02-24 15:31:27,527 - INFO - MongoDB connection closed.
2026-02-24 16:24:38,572 - INFO - Connected to MongoDB: fithub_db
2026-02-24 22:07:17,384 - INFO - Connected to MongoDB: fithub_db
2026-02-24 23:02:42,313 - INFO - MongoDB connection closed.
2026-02-24 23:02:53,773 - INFO - Connected to MongoDB: fithub_db
2026-02-26 10:55:03,282 - INFO - MongoDB connection closed.
2026-02-26 10:55:09,437 - INFO - Connected to MongoDB: fithub_db
2026-02-26 10:59:11,897 - INFO - MongoDB connection closed.
2026-02-26 10:59:14,183 - INFO - Connected to MongoDB: fithub_db
2026-02-26 11:13:20,797 - INFO - MongoDB connection closed.
2026-02-26 11:13:22,762 - INFO - Connected to MongoDB: fithub_db
2026-02-26 12:07:24,838 - INFO - MongoDB connection closed.
2026-02-26 12:07:31,833 - INFO - Connected to MongoDB: fithub_db
2026-02-26 12:09:57,993 - INFO - MongoDB connection closed.
2026-02-26 12:09:59,767 - INFO - Connected to MongoDB: fithub_db
